CrmebAdminPayCallbackCompatController.java:    @PostMapping("/wechat")
CrmebAdminPayCallbackCompatController.java:    @PostMapping("/wechat/refund")
CrmebAdminPayCallbackCompatController.java:@RequestMapping("/api/admin/payment/callback")
CrmebAdminRefundCompatController.java:    @GetMapping("/query")
CrmebAdminRefundCompatController.java:@RequestMapping("/api/admin/store/order/refund")
CrmebAdminSystemConfigCompatController.java:    @GetMapping("/check")
CrmebAdminSystemConfigCompatController.java:    @GetMapping("/getuniq")
CrmebAdminSystemConfigCompatController.java:    @PostMapping("/saveuniq")
CrmebAdminSystemConfigCompatController.java:@RequestMapping("/api/admin/system/config")
CrmebFrontPayCompatController.java:    @GetMapping("/get/config")
CrmebFrontPayCompatController.java:    @GetMapping("/queryPayResult")
CrmebFrontPayCompatController.java:    @PostMapping("/payment")
CrmebFrontPayCompatController.java:@RequestMapping("/api/front/pay")
CrmebFrontRechargeCompatController.java:    @GetMapping("/bill/record")
CrmebFrontRechargeCompatController.java:    @GetMapping("/index")
CrmebFrontRechargeCompatController.java:    @PostMapping("/routine")
CrmebFrontRechargeCompatController.java:    @PostMapping("/transferIn")
CrmebFrontRechargeCompatController.java:    @PostMapping("/wechat")
CrmebFrontRechargeCompatController.java:    @PostMapping("/wechat/app")
CrmebFrontRechargeCompatController.java:@RequestMapping("/api/front/recharge")
